// Jest Snapshot v1, https://goo.gl/fbAQLP

exports[`DatasetCardFake.vue should render correct contents 1`] = `
<div class="dataset-fake-row">
  <div class="cell-placeholder">
    <div class="icon-placeholder"></div>
  </div>
  <div class="cell-placeholder cell--main">
    <div class="text-placeholder"></div>
  </div>
  <div class="cell-placeholder cell--large">
    <div class="text-placeholder"></div>
  </div>
  <div class="cell-placeholder cell--small">
    <div class="text-placeholder"></div>
  </div>
  <div class="cell-placeholder cell--small">
    <div class="text-placeholder"></div>
  </div>
  <div class="cell-placeholder cell--small">
    <div class="text-placeholder"></div>
  </div>
  <div class="cell-placeholder cell--small">
    <div class="text-placeholder"></div>
  </div>
  <div class="cell-placeholder cell--quick-actions"></div>
</div>
`;
