// Jest Snapshot v1, https://goo.gl/fbAQLP

exports[`QuotaSection.vue should render correct contents 1`] = `
<div class="section is-bgSoftBlue section--noBorder">
  <div class="container">
    <div class="full-width">
      <sectiontitle-stub class="grid-cell"><template></template> <template></template></sectiontitle-stub>
      <ul class="grid quota-list">
        <li class="grid-cell grid-cell--col12 quota-listitem">
          <accountquota-stub></accountquota-stub>
        </li>
        <li class="grid-cell grid-cell--col12 quota-listitem">
          <dataservicesquota-stub></dataservicesquota-stub>
        </li>
      </ul>
      <div class="quota-billing"><span class="quota-billingday text is-small is-txtSoftGrey">
          QuotaSection.credits
        </span></div>
    </div>
  </div>
</div>
`;
