// Jest Snapshot v1, https://goo.gl/fbAQLP

exports[`TrialExpired.vue should render correct contents 1`] = `
<section class="page">
  <expirationmessage-stub expirationdays="30" addpaymentsurl="https://carto.com/account/user/plan"></expirationmessage-stub>
</section>
`;
